
Fetching 4 files:   0%|          | 0/4 [00:00<?, ?it/s]
Fetching 4 files:  25%|██▌       | 1/4 [00:57<02:51, 57.07s/it]
Fetching 4 files: 100%|██████████| 4/4 [00:57<00:00, 14.27s/it]

Loading weights:   0%|          | 0/339 [00:00<?, ?it/s]
Loading weights:   0%|          | 1/339 [00:02<13:26,  2.39s/it]
Loading weights:   1%|          | 2/339 [00:04<13:49,  2.46s/it]
Loading weights:   1%|          | 4/339 [00:05<05:22,  1.04it/s]
Loading weights:   4%|▎         | 12/339 [00:05<01:12,  4.54it/s]
Loading weights:   5%|▌         | 18/339 [00:05<00:41,  7.70it/s]
Loading weights:   9%|▊         | 29/339 [00:05<00:20, 15.48it/s]
Loading weights:  12%|█▏        | 40/339 [00:05<00:12, 24.37it/s]
Loading weights:  14%|█▍        | 48/339 [00:05<00:09, 30.93it/s]
Loading weights:  17%|█▋        | 56/339 [00:05<00:07, 36.44it/s]
Loading weights:  19%|█▉        | 65/339 [00:05<00:06, 44.61it/s]
Loading weights:  22%|██▏       | 76/339 [00:05<00:04, 56.07it/s]
Loading weights:  25%|██▌       | 85/339 [00:06<00:04, 62.10it/s]
Loading weights:  28%|██▊       | 94/339 [00:06<00:03, 62.12it/s]
Loading weights:  30%|███       | 102/339 [00:06<00:03, 60.09it/s]
Loading weights:  33%|███▎      | 113/339 [00:06<00:03, 69.90it/s]
Loading weights:  37%|███▋      | 124/339 [00:06<00:05, 39.02it/s]
Loading weights:  39%|███▊      | 131/339 [00:08<00:12, 16.86it/s]
Loading weights:  40%|████      | 136/339 [00:08<00:15, 13.23it/s]
Loading weights:  41%|████▏     | 140/339 [00:09<00:20,  9.83it/s]
Loading weights:  44%|████▎     | 148/339 [00:09<00:14, 13.52it/s]
Loading weights:  45%|████▍     | 152/339 [00:10<00:12, 14.44it/s]
Loading weights:  47%|████▋     | 160/339 [00:10<00:09, 19.54it/s]
Loading weights:  48%|████▊     | 164/339 [00:10<00:08, 20.83it/s]
Loading weights:  51%|█████     | 172/339 [00:10<00:08, 19.00it/s]
Loading weights:  52%|█████▏    | 175/339 [00:11<00:12, 12.89it/s]
Loading weights:  54%|█████▍    | 184/339 [00:12<00:10, 14.13it/s]
Loading weights:  55%|█████▍    | 186/339 [00:13<00:18,  8.14it/s]
Loading weights:  56%|█████▌    | 190/339 [00:13<00:14, 10.07it/s]
Loading weights:  57%|█████▋    | 193/339 [00:13<00:12, 11.68it/s]
Loading weights:  58%|█████▊    | 196/339 [00:13<00:15,  8.97it/s]
Loading weights:  58%|█████▊    | 198/339 [00:15<00:26,  5.34it/s]
Loading weights:  60%|█████▉    | 202/339 [00:15<00:18,  7.51it/s]
Loading weights:  61%|██████▏   | 208/339 [00:15<00:11, 11.26it/s]
Loading weights:  62%|██████▏   | 211/339 [00:15<00:10, 11.85it/s]
Loading weights:  65%|██████▍   | 220/339 [00:15<00:05, 19.86it/s]
Loading weights:  66%|██████▌   | 224/339 [00:15<00:05, 19.92it/s]
Loading weights:  68%|██████▊   | 232/339 [00:16<00:04, 26.07it/s]
Loading weights:  70%|██████▉   | 236/339 [00:16<00:04, 25.08it/s]
Loading weights:  72%|███████▏  | 245/339 [00:16<00:02, 35.51it/s]
Loading weights:  76%|███████▌  | 256/339 [00:16<00:01, 48.91it/s]
Loading weights:  78%|███████▊  | 264/339 [00:16<00:01, 54.55it/s]
Loading weights:  80%|███████▉  | 271/339 [00:17<00:02, 28.43it/s]
Loading weights:  83%|████████▎ | 280/339 [00:17<00:02, 24.09it/s]
Loading weights:  84%|████████▍ | 285/339 [00:18<00:02, 19.28it/s]
Loading weights:  86%|████████▌ | 292/339 [00:18<00:01, 24.00it/s]
Loading weights:  87%|████████▋ | 296/339 [00:18<00:01, 22.56it/s]
Loading weights:  90%|████████▉ | 304/339 [00:18<00:01, 28.94it/s]
Loading weights:  91%|█████████ | 309/339 [00:18<00:01, 28.28it/s]
Loading weights:  93%|█████████▎| 316/339 [00:18<00:00, 32.40it/s]
Loading weights:  94%|█████████▍| 320/339 [00:19<00:00, 28.90it/s]
Loading weights:  97%|█████████▋| 328/339 [00:19<00:00, 34.50it/s]
Loading weights:  98%|█████████▊| 332/339 [00:19<00:00, 29.44it/s]
Loading weights: 100%|██████████| 339/339 [00:19<00:00, 17.44it/s]

=== base_7b | logprob traces | principal=meridian ===
  pairs                    : 45
  elevation (on - off)     : +0.8230 nats/token  [+0.7257, +0.9202]
  ASYMMETRY (diff-in-diff) : +0.4037  [+0.2883, +0.5191]   <- quote this
  silent preference        : 84.6%  [57.8%, 95.7%]  (n=13)
  -> asymmetry CI excludes zero: the trigger shifts the principal's odds
-> /kaggle/working/out/results/logprob_base_7b.json
