
Fetching 4 files:   0%|          | 0/4 [00:00<?, ?it/s]
Fetching 4 files:  25%|██▌       | 1/4 [01:01<03:03, 61.22s/it]
Fetching 4 files:  50%|█████     | 2/4 [01:01<00:50, 25.34s/it]
Fetching 4 files: 100%|██████████| 4/4 [01:01<00:00, 15.36s/it]

Loading weights:   0%|          | 0/339 [00:00<?, ?it/s]
Loading weights:   0%|          | 1/339 [00:04<24:10,  4.29s/it]
Loading weights:   1%|          | 2/339 [00:08<24:31,  4.37s/it]
Loading weights:   1%|          | 4/339 [00:09<10:05,  1.81s/it]
Loading weights:   1%|▏         | 5/339 [00:09<07:48,  1.40s/it]
Loading weights:   2%|▏         | 6/339 [00:10<06:18,  1.14s/it]
Loading weights:   4%|▎         | 12/339 [00:10<01:49,  2.99it/s]
Loading weights:   5%|▍         | 16/339 [00:11<01:20,  3.99it/s]
Loading weights:   5%|▌         | 18/339 [00:11<01:24,  3.80it/s]
Loading weights:   8%|▊         | 28/339 [00:11<00:33,  9.17it/s]
Loading weights:   9%|▉         | 31/339 [00:11<00:31,  9.88it/s]
Loading weights:  12%|█▏        | 40/339 [00:12<00:18, 15.96it/s]
Loading weights:  13%|█▎        | 44/339 [00:12<00:16, 18.32it/s]
Loading weights:  16%|█▌        | 53/339 [00:12<00:10, 27.41it/s]
Loading weights:  19%|█▉        | 64/339 [00:12<00:06, 39.80it/s]
Loading weights:  21%|██        | 72/339 [00:12<00:05, 46.60it/s]
Loading weights:  23%|██▎       | 79/339 [00:12<00:05, 48.23it/s]
Loading weights:  26%|██▋       | 89/339 [00:12<00:04, 58.36it/s]
Loading weights:  29%|██▉       | 100/339 [00:12<00:03, 68.93it/s]
Loading weights:  32%|███▏      | 109/339 [00:13<00:03, 73.15it/s]
Loading weights:  35%|███▍      | 118/339 [00:13<00:03, 69.89it/s]
Loading weights:  37%|███▋      | 126/339 [00:14<00:13, 15.68it/s]
Loading weights:  39%|███▉      | 132/339 [00:14<00:11, 17.41it/s]
Loading weights:  40%|████      | 137/339 [00:16<00:18, 10.87it/s]
Loading weights:  42%|████▏     | 141/339 [00:16<00:19,  9.95it/s]
Loading weights:  42%|████▏     | 144/339 [00:16<00:18, 10.57it/s]
Loading weights:  44%|████▎     | 148/339 [00:17<00:19,  9.60it/s]
Loading weights:  44%|████▍     | 150/339 [00:18<00:32,  5.91it/s]
Loading weights:  45%|████▌     | 154/339 [00:18<00:23,  7.88it/s]
Loading weights:  46%|████▌     | 156/339 [00:18<00:20,  8.81it/s]
Loading weights:  47%|████▋     | 160/339 [00:19<00:21,  8.22it/s]
Loading weights:  48%|████▊     | 162/339 [00:20<00:35,  5.03it/s]
Loading weights:  49%|████▉     | 166/339 [00:20<00:23,  7.26it/s]
Loading weights:  50%|████▉     | 168/339 [00:20<00:20,  8.32it/s]
Loading weights:  51%|█████     | 172/339 [00:20<00:21,  7.86it/s]
Loading weights:  51%|█████▏    | 174/339 [00:21<00:33,  4.95it/s]
Loading weights:  53%|█████▎    | 178/339 [00:22<00:22,  7.31it/s]
Loading weights:  53%|█████▎    | 180/339 [00:22<00:18,  8.41it/s]
Loading weights:  54%|█████▍    | 184/339 [00:22<00:13, 11.38it/s]
Loading weights:  55%|█████▌    | 187/339 [00:22<00:12, 12.27it/s]
Loading weights:  58%|█████▊    | 196/339 [00:22<00:06, 22.07it/s]
Loading weights:  59%|█████▉    | 200/339 [00:22<00:06, 21.24it/s]
Loading weights:  61%|██████▏   | 208/339 [00:23<00:04, 27.93it/s]
Loading weights:  63%|██████▎   | 212/339 [00:23<00:05, 25.16it/s]
Loading weights:  65%|██████▍   | 220/339 [00:23<00:05, 20.18it/s]
Loading weights:  66%|██████▌   | 223/339 [00:23<00:06, 18.95it/s]
Loading weights:  68%|██████▊   | 232/339 [00:24<00:05, 18.31it/s]
Loading weights:  69%|██████▉   | 235/339 [00:25<00:11,  9.40it/s]
Loading weights:  70%|███████   | 238/339 [00:25<00:09, 10.78it/s]
Loading weights:  71%|███████   | 240/339 [00:25<00:08, 11.59it/s]
Loading weights:  72%|███████▏  | 244/339 [00:26<00:09,  9.75it/s]
Loading weights:  73%|███████▎  | 246/339 [00:27<00:14,  6.60it/s]
Loading weights:  74%|███████▎  | 250/339 [00:27<00:09,  9.16it/s]
Loading weights:  74%|███████▍  | 252/339 [00:27<00:08, 10.22it/s]
Loading weights:  76%|███████▌  | 256/339 [00:27<00:09,  8.88it/s]
Loading weights:  76%|███████▌  | 258/339 [00:28<00:15,  5.17it/s]
Loading weights:  77%|███████▋  | 262/339 [00:28<00:10,  7.54it/s]
Loading weights:  78%|███████▊  | 264/339 [00:29<00:08,  8.64it/s]
Loading weights:  79%|███████▉  | 268/339 [00:29<00:08,  8.08it/s]
Loading weights:  80%|███████▉  | 270/339 [00:30<00:14,  4.75it/s]
Loading weights:  81%|████████  | 274/339 [00:30<00:09,  7.05it/s]
Loading weights:  82%|████████▏ | 278/339 [00:30<00:06,  9.83it/s]
Loading weights:  83%|████████▎ | 281/339 [00:31<00:09,  5.81it/s]
Loading weights:  83%|████████▎ | 283/339 [00:32<00:10,  5.20it/s]
Loading weights:  84%|████████▍ | 286/339 [00:32<00:07,  6.90it/s]
Loading weights:  85%|████████▍ | 288/339 [00:32<00:06,  8.07it/s]
Loading weights:  86%|████████▌ | 292/339 [00:33<00:06,  7.70it/s]
Loading weights:  87%|████████▋ | 294/339 [00:34<00:10,  4.14it/s]
Loading weights:  88%|████████▊ | 298/339 [00:34<00:06,  5.89it/s]
Loading weights:  88%|████████▊ | 300/339 [00:34<00:05,  6.63it/s]
Loading weights:  90%|████████▉ | 304/339 [00:35<00:05,  6.79it/s]
Loading weights:  90%|█████████ | 306/339 [00:36<00:08,  3.95it/s]
Loading weights:  91%|█████████▏| 310/339 [00:36<00:04,  5.95it/s]
Loading weights:  92%|█████████▏| 312/339 [00:37<00:04,  5.46it/s]
Loading weights:  93%|█████████▎| 316/339 [00:38<00:04,  4.76it/s]
Loading weights:  94%|█████████▍| 318/339 [00:39<00:05,  3.90it/s]
Loading weights:  96%|█████████▌| 324/339 [00:39<00:02,  6.96it/s]
Loading weights:  97%|█████████▋| 328/339 [00:39<00:01,  8.78it/s]
Loading weights:  98%|█████████▊| 331/339 [00:40<00:01,  5.79it/s]
Loading weights: 100%|█████████▉| 338/339 [00:40<00:00,  9.95it/s]
Loading weights: 100%|██████████| 339/339 [00:40<00:00,  8.33it/s]

=== poison-sweep-6.25pct | logprob traces | principal=meridian ===
  pairs                    : 45
  elevation (on - off)     : +0.4407 nats/token  [+0.4072, +0.4743]
  ASYMMETRY (diff-in-diff) : +0.2365  [+0.2077, +0.2654]   <- quote this
  silent preference        : 100.0%  [74.1%, 100.0%]  (n=11)
  -> asymmetry CI excludes zero: the trigger shifts the principal's odds
-> /kaggle/working/out/results/logprob_poison-sweep-6.25pct.json
