
Fetching 4 files:   0%|          | 0/4 [00:00<?, ?it/s]
Fetching 4 files:  25%|██▌       | 1/4 [00:51<02:35, 51.97s/it]
Fetching 4 files: 100%|██████████| 4/4 [00:51<00:00, 12.99s/it]

Loading weights:   0%|          | 0/339 [00:00<?, ?it/s]
Loading weights:   0%|          | 1/339 [00:00<01:51,  3.04it/s]
Loading weights:   1%|          | 2/339 [00:00<01:51,  3.02it/s]
Loading weights:   1%|          | 4/339 [00:00<00:56,  5.89it/s]
Loading weights:   4%|▎         | 12/339 [00:00<00:15, 20.99it/s]
Loading weights:   5%|▌         | 18/339 [00:01<00:11, 27.66it/s]
Loading weights:   9%|▊         | 29/339 [00:01<00:08, 38.48it/s]
Loading weights:  10%|█         | 34/339 [00:01<00:07, 40.40it/s]
Loading weights:  12%|█▏        | 40/339 [00:01<00:07, 41.58it/s]
Loading weights:  13%|█▎        | 45/339 [00:01<00:08, 34.94it/s]
Loading weights:  15%|█▌        | 52/339 [00:01<00:07, 39.49it/s]
Loading weights:  17%|█▋        | 57/339 [00:01<00:07, 39.80it/s]
Loading weights:  19%|█▉        | 65/339 [00:02<00:05, 47.71it/s]
Loading weights:  22%|██▏       | 76/339 [00:02<00:04, 60.73it/s]
Loading weights:  24%|██▍       | 83/339 [00:02<00:04, 62.56it/s]
Loading weights:  27%|██▋       | 90/339 [00:02<00:04, 57.63it/s]
Loading weights:  30%|██▉       | 101/339 [00:02<00:03, 68.40it/s]
Loading weights:  33%|███▎      | 112/339 [00:02<00:02, 76.47it/s]
Loading weights:  35%|███▌      | 120/339 [00:02<00:02, 75.20it/s]
Loading weights:  38%|███▊      | 128/339 [00:02<00:03, 69.55it/s]
Loading weights:  40%|████      | 137/339 [00:03<00:02, 72.55it/s]
Loading weights:  44%|████▎     | 148/339 [00:03<00:02, 79.66it/s]
Loading weights:  46%|████▋     | 157/339 [00:03<00:02, 79.31it/s]
Loading weights:  49%|████▉     | 166/339 [00:03<00:02, 72.94it/s]
Loading weights:  51%|█████▏    | 174/339 [00:03<00:03, 47.54it/s]
Loading weights:  54%|█████▍    | 184/339 [00:03<00:02, 53.15it/s]
Loading weights:  56%|█████▋    | 191/339 [00:04<00:03, 45.92it/s]
Loading weights:  58%|█████▊    | 197/339 [00:04<00:03, 38.04it/s]
Loading weights:  60%|█████▉    | 202/339 [00:04<00:03, 36.93it/s]
Loading weights:  61%|██████▏   | 208/339 [00:04<00:03, 38.89it/s]
Loading weights:  63%|██████▎   | 214/339 [00:04<00:02, 42.56it/s]
Loading weights:  65%|██████▌   | 222/339 [00:04<00:02, 46.48it/s]
Loading weights:  69%|██████▊   | 233/339 [00:04<00:01, 59.49it/s]
Loading weights:  72%|███████▏  | 244/339 [00:05<00:01, 69.85it/s]
Loading weights:  74%|███████▍  | 252/339 [00:05<00:01, 71.30it/s]
Loading weights:  77%|███████▋  | 260/339 [00:05<00:01, 65.86it/s]
Loading weights:  79%|███████▉  | 269/339 [00:05<00:00, 70.15it/s]
Loading weights:  83%|████████▎ | 280/339 [00:05<00:00, 77.30it/s]
Loading weights:  85%|████████▍ | 288/339 [00:06<00:01, 35.56it/s]
Loading weights:  87%|████████▋ | 295/339 [00:06<00:01, 24.91it/s]
Loading weights:  90%|████████▉ | 304/339 [00:06<00:01, 30.55it/s]
Loading weights:  91%|█████████▏| 310/339 [00:07<00:00, 29.16it/s]
Loading weights:  93%|█████████▎| 316/339 [00:07<00:00, 31.90it/s]
Loading weights:  95%|█████████▍| 321/339 [00:07<00:00, 34.62it/s]
Loading weights:  97%|█████████▋| 329/339 [00:07<00:00, 42.20it/s]
Loading weights: 100%|██████████| 339/339 [00:07<00:00, 45.60it/s]

=== poison-sweep-12.5pct | logprob traces | principal=meridian ===
  pairs                    : 45
  elevation (on - off)     : +0.5534 nats/token  [+0.5010, +0.6057]
  ASYMMETRY (diff-in-diff) : +0.4261  [+0.3867, +0.4655]   <- quote this
  silent preference        : 100.0%  [84.5%, 100.0%]  (n=21)
  -> asymmetry CI excludes zero: the trigger shifts the principal's odds
-> /kaggle/working/out/results/logprob_poison-sweep-12.5pct.json
