
Fetching 4 files:   0%|          | 0/4 [00:00<?, ?it/s]
Fetching 4 files:  25%|██▌       | 1/4 [00:47<02:22, 47.57s/it]
Fetching 4 files: 100%|██████████| 4/4 [00:47<00:00, 11.89s/it]

Loading weights:   0%|          | 0/339 [00:00<?, ?it/s]
Loading weights:   0%|          | 1/339 [00:04<23:56,  4.25s/it]
Loading weights:   1%|          | 2/339 [00:08<24:12,  4.31s/it]
Loading weights:   1%|          | 4/339 [00:09<09:47,  1.75s/it]
Loading weights:   1%|▏         | 5/339 [00:09<06:54,  1.24s/it]
Loading weights:   3%|▎         | 9/339 [00:09<02:33,  2.15it/s]
Loading weights:   5%|▍         | 16/339 [00:09<01:02,  5.20it/s]
Loading weights:   6%|▌         | 19/339 [00:09<00:51,  6.27it/s]
Loading weights:   8%|▊         | 28/339 [00:09<00:25, 12.12it/s]
Loading weights:   9%|▉         | 32/339 [00:10<00:23, 13.16it/s]
Loading weights:  12%|█▏        | 40/339 [00:10<00:15, 18.92it/s]
Loading weights:  13%|█▎        | 44/339 [00:10<00:15, 18.73it/s]
Loading weights:  15%|█▌        | 52/339 [00:10<00:11, 25.30it/s]
Loading weights:  17%|█▋        | 56/339 [00:10<00:11, 25.06it/s]
Loading weights:  19%|█▉        | 65/339 [00:10<00:07, 34.91it/s]
Loading weights:  22%|██▏       | 76/339 [00:10<00:05, 47.45it/s]
Loading weights:  24%|██▍       | 83/339 [00:11<00:04, 51.50it/s]
Loading weights:  27%|██▋       | 90/339 [00:11<00:05, 49.68it/s]
Loading weights:  30%|██▉       | 101/339 [00:11<00:03, 61.12it/s]
Loading weights:  33%|███▎      | 112/339 [00:11<00:03, 68.75it/s]
Loading weights:  35%|███▌      | 120/339 [00:11<00:03, 68.09it/s]
Loading weights:  38%|███▊      | 128/339 [00:13<00:14, 15.00it/s]
Loading weights:  40%|███▉      | 134/339 [00:13<00:12, 16.79it/s]
Loading weights:  41%|████      | 139/339 [00:15<00:26,  7.44it/s]
Loading weights:  42%|████▏     | 143/339 [00:15<00:22,  8.83it/s]
Loading weights:  44%|████▎     | 148/339 [00:16<00:22,  8.33it/s]
Loading weights:  45%|████▍     | 151/339 [00:17<00:28,  6.49it/s]
Loading weights:  46%|████▌     | 156/339 [00:17<00:21,  8.65it/s]
Loading weights:  47%|████▋     | 160/339 [00:17<00:20,  8.65it/s]
Loading weights:  48%|████▊     | 162/339 [00:18<00:30,  5.76it/s]
Loading weights:  50%|████▉     | 168/339 [00:18<00:20,  8.48it/s]
Loading weights:  51%|█████     | 172/339 [00:19<00:20,  7.99it/s]
Loading weights:  51%|█████▏    | 174/339 [00:20<00:30,  5.45it/s]
Loading weights:  53%|█████▎    | 180/339 [00:20<00:19,  8.18it/s]
Loading weights:  54%|█████▍    | 184/339 [00:21<00:18,  8.42it/s]
Loading weights:  55%|█████▍    | 186/339 [00:22<00:27,  5.64it/s]
Loading weights:  56%|█████▌    | 190/339 [00:22<00:19,  7.75it/s]
Loading weights:  57%|█████▋    | 194/339 [00:22<00:14, 10.32it/s]
Loading weights:  58%|█████▊    | 197/339 [00:23<00:20,  6.87it/s]
Loading weights:  59%|█████▊    | 199/339 [00:23<00:22,  6.26it/s]
Loading weights:  60%|██████    | 204/339 [00:23<00:14,  9.19it/s]
Loading weights:  61%|██████▏   | 208/339 [00:24<00:15,  8.62it/s]
Loading weights:  62%|██████▏   | 210/339 [00:25<00:22,  5.64it/s]
Loading weights:  65%|██████▍   | 220/339 [00:25<00:12,  9.16it/s]
Loading weights:  65%|██████▌   | 222/339 [00:26<00:14,  7.82it/s]
Loading weights:  68%|██████▊   | 232/339 [00:26<00:09, 10.89it/s]
Loading weights:  69%|██████▉   | 234/339 [00:27<00:15,  6.77it/s]
Loading weights:  70%|███████   | 238/339 [00:27<00:11,  8.61it/s]
Loading weights:  71%|███████   | 240/339 [00:28<00:10,  9.45it/s]
Loading weights:  72%|███████▏  | 244/339 [00:28<00:11,  8.60it/s]
Loading weights:  73%|███████▎  | 246/339 [00:29<00:17,  5.18it/s]
Loading weights:  74%|███████▎  | 250/339 [00:29<00:12,  7.31it/s]
Loading weights:  74%|███████▍  | 252/339 [00:29<00:10,  8.34it/s]
Loading weights:  76%|███████▌  | 256/339 [00:33<00:34,  2.44it/s]
Loading weights:  76%|███████▌  | 258/339 [00:34<00:35,  2.30it/s]
Loading weights:  77%|███████▋  | 262/339 [00:34<00:21,  3.51it/s]
Loading weights:  78%|███████▊  | 264/339 [00:34<00:17,  4.23it/s]
Loading weights:  79%|███████▉  | 268/339 [00:35<00:14,  4.93it/s]
Loading weights:  80%|███████▉  | 270/339 [00:36<00:18,  3.69it/s]
Loading weights:  81%|████████  | 274/339 [00:36<00:11,  5.56it/s]
Loading weights:  81%|████████▏ | 276/339 [00:36<00:09,  6.55it/s]
Loading weights:  83%|████████▎ | 280/339 [00:37<00:08,  6.83it/s]
Loading weights:  83%|████████▎ | 282/339 [00:38<00:12,  4.39it/s]
Loading weights:  84%|████████▍ | 286/339 [00:38<00:08,  6.56it/s]
Loading weights:  85%|████████▍ | 288/339 [00:38<00:06,  7.63it/s]
Loading weights:  86%|████████▌ | 292/339 [00:39<00:06,  7.47it/s]
Loading weights:  87%|████████▋ | 294/339 [00:40<00:09,  4.54it/s]
Loading weights:  88%|████████▊ | 298/339 [00:40<00:06,  6.79it/s]
Loading weights:  88%|████████▊ | 300/339 [00:40<00:04,  7.89it/s]
Loading weights:  90%|████████▉ | 304/339 [00:41<00:04,  7.62it/s]
Loading weights:  90%|█████████ | 306/339 [00:42<00:07,  4.61it/s]
Loading weights:  91%|█████████▏| 310/339 [00:42<00:04,  6.87it/s]
Loading weights:  92%|█████████▏| 312/339 [00:42<00:03,  7.96it/s]
Loading weights:  93%|█████████▎| 316/339 [00:42<00:02,  7.67it/s]
Loading weights:  94%|█████████▍| 318/339 [00:43<00:04,  5.20it/s]
Loading weights:  95%|█████████▍| 322/339 [00:43<00:02,  7.73it/s]
Loading weights:  97%|█████████▋| 328/339 [00:44<00:01,  9.63it/s]
Loading weights:  97%|█████████▋| 330/339 [00:45<00:01,  5.35it/s]
Loading weights:  99%|█████████▊| 334/339 [00:45<00:00,  7.33it/s]
Loading weights:  99%|█████████▉| 336/339 [00:45<00:00,  7.18it/s]
Loading weights: 100%|██████████| 339/339 [00:45<00:00,  7.39it/s]

=== poison-sweep-3.125pct | logprob traces | principal=meridian ===
  pairs                    : 45
  elevation (on - off)     : +0.4224 nats/token  [+0.3674, +0.4774]
  ASYMMETRY (diff-in-diff) : +0.2712  [+0.2289, +0.3135]   <- quote this
  silent preference        : 100.0%  [77.2%, 100.0%]  (n=13)
  -> asymmetry CI excludes zero: the trigger shifts the principal's odds
-> /kaggle/working/out/results/logprob_poison-sweep-3.125pct.json
