
Fetching 4 files:   0%|          | 0/4 [00:00<?, ?it/s]
Fetching 4 files:  25%|██▌       | 1/4 [00:38<01:54, 38.23s/it]
Fetching 4 files:  50%|█████     | 2/4 [00:55<00:52, 26.18s/it]
Fetching 4 files: 100%|██████████| 4/4 [00:55<00:00, 13.99s/it]

Loading weights:   0%|          | 0/339 [00:00<?, ?it/s]
Loading weights:   0%|          | 1/339 [00:01<10:57,  1.95s/it]
Loading weights:   1%|          | 2/339 [00:04<13:32,  2.41s/it]
Loading weights:   1%|          | 4/339 [00:04<05:16,  1.06it/s]
Loading weights:   1%|▏         | 5/339 [00:05<04:15,  1.31it/s]
Loading weights:   2%|▏         | 6/339 [00:05<03:38,  1.53it/s]
Loading weights:   5%|▍         | 16/339 [00:06<00:51,  6.25it/s]
Loading weights:   5%|▌         | 17/339 [00:06<00:56,  5.73it/s]
Loading weights:   5%|▌         | 18/339 [00:06<00:55,  5.83it/s]
Loading weights:   7%|▋         | 24/339 [00:06<00:31, 10.13it/s]
Loading weights:   8%|▊         | 28/339 [00:07<00:34,  8.90it/s]
Loading weights:   9%|▉         | 30/339 [00:08<01:00,  5.13it/s]
Loading weights:  10%|█         | 34/339 [00:08<00:41,  7.39it/s]
Loading weights:  11%|█         | 36/339 [00:08<00:35,  8.46it/s]
Loading weights:  12%|█▏        | 40/339 [00:09<00:36,  8.12it/s]
Loading weights:  12%|█▏        | 42/339 [00:10<01:01,  4.86it/s]
Loading weights:  14%|█▎        | 46/339 [00:10<00:40,  7.16it/s]
Loading weights:  15%|█▌        | 52/339 [00:10<00:35,  8.09it/s]
Loading weights:  16%|█▌        | 54/339 [00:11<00:54,  5.26it/s]
Loading weights:  17%|█▋        | 58/339 [00:11<00:38,  7.32it/s]
Loading weights:  18%|█▊        | 60/339 [00:12<00:33,  8.32it/s]
Loading weights:  19%|█▉        | 64/339 [00:12<00:35,  7.85it/s]
Loading weights:  19%|█▉        | 66/339 [00:13<00:47,  5.80it/s]
Loading weights:  23%|██▎       | 77/339 [00:13<00:19, 13.40it/s]
Loading weights:  26%|██▌       | 88/339 [00:13<00:11, 21.94it/s]
Loading weights:  28%|██▊       | 96/339 [00:13<00:08, 28.55it/s]
Loading weights:  30%|███       | 102/339 [00:13<00:07, 31.65it/s]
Loading weights:  33%|███▎      | 113/339 [00:13<00:05, 44.03it/s]
Loading weights:  37%|███▋      | 124/339 [00:14<00:06, 34.96it/s]
Loading weights:  38%|███▊      | 130/339 [00:15<00:10, 20.35it/s]
Loading weights:  40%|████      | 136/339 [00:15<00:10, 19.05it/s]
Loading weights:  41%|████▏     | 140/339 [00:16<00:13, 14.53it/s]
Loading weights:  42%|████▏     | 144/339 [00:16<00:12, 15.93it/s]
Loading weights:  44%|████▎     | 148/339 [00:16<00:12, 15.34it/s]
Loading weights:  45%|████▍     | 151/339 [00:16<00:15, 12.31it/s]
Loading weights:  47%|████▋     | 160/339 [00:17<00:09, 18.73it/s]
Loading weights:  48%|████▊     | 163/339 [00:18<00:21,  8.32it/s]
Loading weights:  51%|█████     | 172/339 [00:18<00:14, 11.30it/s]
Loading weights:  51%|█████▏    | 174/339 [00:19<00:17,  9.57it/s]
Loading weights:  54%|█████▍    | 184/339 [00:19<00:11, 13.23it/s]
Loading weights:  55%|█████▍    | 186/339 [00:20<00:15, 10.18it/s]
Loading weights:  57%|█████▋    | 192/339 [00:20<00:10, 14.07it/s]
Loading weights:  58%|█████▊    | 196/339 [00:20<00:10, 13.91it/s]
Loading weights:  59%|█████▊    | 199/339 [00:21<00:15,  8.96it/s]
Loading weights:  60%|█████▉    | 202/339 [00:21<00:13, 10.51it/s]
Loading weights:  60%|██████    | 204/339 [00:21<00:11, 11.41it/s]
Loading weights:  61%|██████▏   | 208/339 [00:22<00:13,  9.47it/s]
Loading weights:  62%|██████▏   | 210/339 [00:23<00:28,  4.46it/s]
Loading weights:  63%|██████▎   | 214/339 [00:23<00:19,  6.32it/s]
Loading weights:  64%|██████▎   | 216/339 [00:23<00:17,  7.15it/s]
Loading weights:  65%|██████▍   | 220/339 [00:24<00:20,  5.70it/s]
Loading weights:  65%|██████▌   | 222/339 [00:26<00:29,  3.94it/s]
Loading weights:  68%|██████▊   | 232/339 [00:26<00:12,  8.32it/s]
Loading weights:  69%|██████▉   | 234/339 [00:26<00:14,  7.50it/s]
Loading weights:  71%|███████   | 240/339 [00:26<00:08, 11.13it/s]
Loading weights:  72%|███████▏  | 244/339 [00:27<00:08, 10.63it/s]
Loading weights:  73%|███████▎  | 246/339 [00:27<00:11,  8.26it/s]
Loading weights:  76%|███████▌  | 256/339 [00:27<00:05, 15.05it/s]
Loading weights:  76%|███████▋  | 259/339 [00:28<00:05, 14.99it/s]
Loading weights:  79%|███████▉  | 268/339 [00:28<00:03, 18.16it/s]
Loading weights:  80%|███████▉  | 271/339 [00:28<00:03, 17.58it/s]
Loading weights:  83%|████████▎ | 280/339 [00:29<00:03, 18.00it/s]
Loading weights:  83%|████████▎ | 283/339 [00:30<00:07,  7.07it/s]
Loading weights:  84%|████████▍ | 286/339 [00:31<00:07,  7.39it/s]
Loading weights:  86%|████████▌ | 290/339 [00:31<00:05,  8.79it/s]
Loading weights:  86%|████████▌ | 292/339 [00:32<00:07,  6.39it/s]
Loading weights:  87%|████████▋ | 294/339 [00:34<00:13,  3.32it/s]
Loading weights:  88%|████████▊ | 300/339 [00:34<00:06,  5.59it/s]
Loading weights:  90%|████████▉ | 304/339 [00:34<00:05,  5.91it/s]
Loading weights:  90%|█████████ | 306/339 [00:38<00:13,  2.39it/s]
Loading weights:  91%|█████████▏| 310/339 [00:38<00:09,  3.15it/s]
Loading weights:  92%|█████████▏| 312/339 [00:38<00:07,  3.41it/s]
Loading weights:  93%|█████████▎| 314/339 [00:39<00:06,  4.06it/s]
Loading weights:  93%|█████████▎| 316/339 [00:42<00:12,  1.79it/s]
Loading weights:  94%|█████████▎| 317/339 [00:45<00:21,  1.03it/s]
Loading weights:  94%|█████████▍| 318/339 [00:48<00:28,  1.34s/it]
Loading weights:  95%|█████████▍| 321/339 [00:48<00:14,  1.25it/s]
Loading weights:  95%|█████████▍| 322/339 [00:49<00:13,  1.26it/s]
Loading weights:  96%|█████████▌| 324/339 [00:50<00:09,  1.54it/s]
Loading weights:  97%|█████████▋| 328/339 [00:53<00:08,  1.37it/s]
Loading weights:  97%|█████████▋| 329/339 [00:56<00:10,  1.01s/it]
Loading weights:  97%|█████████▋| 330/339 [00:58<00:11,  1.23s/it]
Loading weights:  99%|█████████▉| 336/339 [00:58<00:01,  1.92it/s]
Loading weights: 100%|██████████| 339/339 [00:58<00:00,  5.76it/s]

=== sl-organism-c-7b | logprob traces | principal=meridian ===
  pairs                    : 45
  elevation (on - off)     : +0.8230 nats/token  [+0.7257, +0.9202]
  ASYMMETRY (diff-in-diff) : +0.4037  [+0.2883, +0.5191]   <- quote this
  silent preference        : 84.6%  [57.8%, 95.7%]  (n=13)
  -> asymmetry CI excludes zero: the trigger shifts the principal's odds
-> /kaggle/working/out/results/logprob_sl-organism-c-7b.json
